================================================================================
 ClipShift #20 : WdlResampler against #16's quality bar
================================================================================
 runtime      : 8.0.25, x64
 machine      : 16 logical processors
 server GC    : False

  0. HARNESS VALIDATION
     WDL's linear and point-sampling modes are the same algorithms as
     libsamplerate's SRC_LINEAR and SRC_ZERO_ORDER_HOLD, at the same ratios,
     with the same tone. 'floor' is the value snr_bw_test.c asserts against.

     mode             src_ratio (out/in)   measured    floor    
     ---------------  ------------------   ---------   ---------
     zero-order hold                   3    36.77 dB    28.00 dB  ok
     zero-order hold                 0.6    37.43 dB    36.00 dB  ok
     zero-order hold                 0.3    36.62 dB    36.00 dB  ok
     zero-order hold               1.001    38.76 dB    38.00 dB  ok
     linear                            3    74.26 dB    73.00 dB  ok
     linear                          0.6    74.92 dB    73.00 dB  ok
     linear                          0.3    73.99 dB    73.00 dB  ok
     linear                        1.001    89.93 dB    77.00 dB  ok

     PASS - the port reproduces libsamplerate's own floors on the two algorithms

  1. GROUP DELAY (impulse test)
     An impulse at input frame 1024 should emerge at output frame 1024/ratio.
     D is how far past that it actually lands: the number ClipShift pre-rolls
     and discards at init, per #16. 'side' is the largest sample outside the main lobe,
     relative to the peak -- a check that the peak found is the main lobe.

     setting          operating point            peak idx        D    peak val      side
     ---------------  ------------------------  ----------  -------  ----------  --------
     sinc 64/128      48000 -> 48000                  1024    0.000      1.0000   0.00000
     sinc 64/128      48002.4 -> 48000 (+50ppm)        1024    0.034      0.9669   0.04519
     sinc 64/128      47997.6 -> 48000 (-50ppm)        1024   -0.050      0.9957   0.01689
     sinc 64/128      44100 -> 48000                  1115    0.134      0.7494   0.15804
     sinc 64/128      32000 -> 48000                  1536    0.000      1.0000   0.10084
     sinc 64/128      96000 -> 48000                   512    0.000      0.4854   0.02516
     sinc 128/128     48000 -> 48000                  1024    0.000      1.0000   0.00000
     sinc 128/128     48002.4 -> 48000 (+50ppm)        1024    0.034      0.9669   0.04628
     sinc 128/128     47997.6 -> 48000 (-50ppm)        1024   -0.050      0.9957   0.01729
     sinc 128/128     44100 -> 48000                  1115    0.134      0.7497   0.16026
     sinc 128/128     32000 -> 48000                  1536    0.000      1.0000   0.10278
     sinc 128/128     96000 -> 48000                   512    0.000      0.4854   0.02869
     sinc 512/128     48000 -> 48000                  1024    0.000      1.0000   0.00000
     sinc 512/128     48002.4 -> 48000 (+50ppm)        1024    0.034      0.9669   0.04659
     sinc 512/128     47997.6 -> 48000 (-50ppm)        1024   -0.050      0.9957   0.01741
     sinc 512/128     44100 -> 48000                  1115    0.134      0.7498   0.16091
     sinc 512/128     32000 -> 48000                  1536    0.000      1.0000   0.10333
     sinc 512/128     96000 -> 48000                   512    0.000      0.4854   0.02957
     sinc 1024/128    48000 -> 48000                  1024    0.000      1.0000   0.00000
     sinc 1024/128    48002.4 -> 48000 (+50ppm)        1024    0.034      0.9669   0.04660
     sinc 1024/128    47997.6 -> 48000 (-50ppm)        1024   -0.050      0.9957   0.01741
     sinc 1024/128    44100 -> 48000                  1115    0.134      0.7498   0.16094
     sinc 1024/128    32000 -> 48000                  1536    0.000      1.0000   0.10336
     sinc 1024/128    96000 -> 48000                   512    0.000      0.4854   0.02961
     sinc 64/32       48000 -> 48000                  1024    0.000      1.0000   0.00000
     sinc 64/32       48002.4 -> 48000 (+50ppm)        1024    0.034      0.9665   0.04518
     sinc 64/32       47997.6 -> 48000 (-50ppm)        1024   -0.050      0.9953   0.01690
     sinc 64/32       44100 -> 48000                  1115    0.134      0.7494   0.15791
     sinc 64/32       32000 -> 48000                  1536    0.000      1.0000   0.10076
     sinc 64/32       96000 -> 48000                   512    0.000      0.4854   0.02516
     sinc 64/64       48000 -> 48000                  1024    0.000      1.0000   0.00000
     sinc 64/64       48002.4 -> 48000 (+50ppm)        1024    0.034      0.9668   0.04519
     sinc 64/64       47997.6 -> 48000 (-50ppm)        1024   -0.050      0.9956   0.01689
     sinc 64/64       44100 -> 48000                  1115    0.134      0.7494   0.15799
     sinc 64/64       32000 -> 48000                  1536    0.000      1.0000   0.10082
     sinc 64/64       96000 -> 48000                   512    0.000      0.4854   0.02516
     sinc 64/256      48000 -> 48000                  1024    0.000      1.0000   0.00000
     sinc 64/256      48002.4 -> 48000 (+50ppm)        1024    0.034      0.9669   0.04519
     sinc 64/256      47997.6 -> 48000 (-50ppm)        1024   -0.050      0.9957   0.01688
     sinc 64/256      44100 -> 48000                  1115    0.134      0.7494   0.15804
     sinc 64/256      32000 -> 48000                  1536    0.000      1.0000   0.10084
     sinc 64/256      96000 -> 48000                   512    0.000      0.4854   0.02516
     sinc 64/512      48000 -> 48000                  1024    0.000      1.0000   0.00000
     sinc 64/512      48002.4 -> 48000 (+50ppm)        1024    0.034      0.9669   0.04519
     sinc 64/512      47997.6 -> 48000 (-50ppm)        1024   -0.050      0.9957   0.01688
     sinc 64/512      44100 -> 48000                  1115    0.134      0.7494   0.15804
     sinc 64/512      32000 -> 48000                  1536    0.000      1.0000   0.10085
     sinc 64/512      96000 -> 48000                   512    0.000      0.4854   0.02516
     sinc 64/1024     48000 -> 48000                  1024    0.000      1.0000   0.00000
     sinc 64/1024     48002.4 -> 48000 (+50ppm)        1024    0.034      0.9669   0.04519
     sinc 64/1024     47997.6 -> 48000 (-50ppm)        1024   -0.050      0.9957   0.01688
     sinc 64/1024     44100 -> 48000                  1115    0.134      0.7494   0.15804
     sinc 64/1024     32000 -> 48000                  1536    0.000      1.0000   0.10085
     sinc 64/1024     96000 -> 48000                   512    0.000      0.4854   0.02516
     sinc 64/4096     48000 -> 48000                  1024    0.000      1.0000   0.00000
     sinc 64/4096     48002.4 -> 48000 (+50ppm)        1024    0.034      0.9669   0.04519
     sinc 64/4096     47997.6 -> 48000 (-50ppm)        1024   -0.050      0.9957   0.01688
     sinc 64/4096     44100 -> 48000                  1115    0.134      0.7494   0.15804
     sinc 64/4096     32000 -> 48000                  1536    0.000      1.0000   0.10085
     sinc 64/4096     96000 -> 48000                   512    0.000      0.4854   0.02516
     sinc 128/1024    48000 -> 48000                  1024    0.000      1.0000   0.00000
     sinc 128/1024    48002.4 -> 48000 (+50ppm)        1024    0.034      0.9669   0.04628
     sinc 128/1024    47997.6 -> 48000 (-50ppm)        1024   -0.050      0.9957   0.01729
     sinc 128/1024    44100 -> 48000                  1115    0.134      0.7497   0.16027
     sinc 128/1024    32000 -> 48000                  1536    0.000      1.0000   0.10278
     sinc 128/1024    96000 -> 48000                   512    0.000      0.4854   0.02869
     sinc 128/4096    48000 -> 48000                  1024    0.000      1.0000   0.00000
     sinc 128/4096    48002.4 -> 48000 (+50ppm)        1024    0.034      0.9669   0.04628
     sinc 128/4096    47997.6 -> 48000 (-50ppm)        1024   -0.050      0.9957   0.01729
     sinc 128/4096    44100 -> 48000                  1115    0.134      0.7497   0.16027
     sinc 128/4096    32000 -> 48000                  1536    0.000      1.0000   0.10278
     sinc 128/4096    96000 -> 48000                   512    0.000      0.4854   0.02869
     sinc 256/1024    48000 -> 48000                  1024    0.000      1.0000   0.00000
     sinc 256/1024    48002.4 -> 48000 (+50ppm)        1024    0.034      0.9669   0.04653
     sinc 256/1024    47997.6 -> 48000 (-50ppm)        1024   -0.050      0.9957   0.01738
     sinc 256/1024    44100 -> 48000                  1115    0.134      0.7498   0.16079
     sinc 256/1024    32000 -> 48000                  1536    0.000      1.0000   0.10323
     sinc 256/1024    96000 -> 48000                   512   -0.000      0.4854   0.02941
     sinc 384/64      48000 -> 48000                  1024    0.000      1.0000   0.00000
     sinc 384/64      48002.4 -> 48000 (+50ppm)        1024    0.034      0.9668   0.04657
     sinc 384/64      47997.6 -> 48000 (-50ppm)        1024   -0.050      0.9956   0.01740
     sinc 384/64      44100 -> 48000                  1115    0.134      0.7498   0.16084
     sinc 384/64      32000 -> 48000                  1536    0.000      1.0000   0.10329
     sinc 384/64      96000 -> 48000                   512    0.000      0.4854   0.02953
     sinc 2048/256    48000 -> 48000                  1024    0.000      1.0000   0.00000
     sinc 2048/256    48002.4 -> 48000 (+50ppm)        1024    0.034      0.9669   0.04660
     sinc 2048/256    47997.6 -> 48000 (-50ppm)        1024   -0.050      0.9957   0.01741
     sinc 2048/256    44100 -> 48000                  1115    0.134      0.7498   0.16096
     sinc 2048/256    32000 -> 48000                  1536    0.000      1.0000   0.10337
     sinc 2048/256    96000 -> 48000                   512    0.000      0.4854   0.02962
     sinc 8192/4096   48000 -> 48000                  1024    0.000      1.0000   0.00000
     sinc 8192/4096   48002.4 -> 48000 (+50ppm)        1024    0.034      0.9669   0.04661
     sinc 8192/4096   47997.6 -> 48000 (-50ppm)        1024   -0.050      0.9957   0.01741
     sinc 8192/4096   44100 -> 48000                  1115    0.134      0.7498   0.16096
     sinc 8192/4096   32000 -> 48000                  1536   -0.000      1.0000   0.10337
     sinc 8192/4096   96000 -> 48000                   512    0.000      0.4854   0.02962

  2. SIGNAL-TO-NOISE RATIO (port of libsamplerate snr_bw_test.c + calc_snr.c)
     Two Hanning-windowed tones per point, reported worst case: 0.0111 and
     0.3511 cycles/sample. The high tone is skipped where it would sit above
     the 24 kHz output Nyquist, since removing it is then correct behaviour.
     Gate: >= 110 dB near unity, >= 100 dB at 44.1 -> 48 (#16).

     setting                    48000 -> 48000  48002.4 -> 48000 (+50ppm)  47997.6 -> 48000 (-50ppm)            44100 -> 48000            32000 -> 48000            96000 -> 48000
     ---------------  ------------------------  ------------------------  ------------------------  ------------------------  ------------------------  ------------------------
     sinc 64/128               146.87 dB                102.19 dB FAIL           101.81 dB FAIL           100.66 dB PASS            96.66 dB                147.89 dB     
     sinc 128/128              139.50 dB                102.21 dB FAIL           101.81 dB FAIL           100.66 dB PASS            95.83 dB                140.46 dB     
     sinc 512/128              141.82 dB                102.19 dB FAIL           101.81 dB FAIL           100.68 dB PASS            99.32 dB                142.60 dB     
     sinc 1024/128             144.00 dB                102.23 dB FAIL           101.86 dB FAIL           100.70 dB PASS            99.30 dB                143.63 dB     
     sinc 64/32                146.87 dB                 78.52 dB FAIL            90.06 dB FAIL            76.37 dB FAIL            75.11 dB                147.89 dB     
     sinc 64/64                146.87 dB                 91.04 dB FAIL            90.89 dB FAIL            88.25 dB FAIL            86.44 dB                147.89 dB     
     sinc 64/256               146.87 dB                114.52 dB PASS           113.75 dB PASS           107.52 dB PASS           103.66 dB                147.89 dB     
     sinc 64/512               146.87 dB                126.30 dB PASS           126.09 dB PASS           107.52 dB PASS           106.90 dB                147.89 dB     
     sinc 64/1024              146.87 dB                138.35 dB PASS           131.99 dB PASS           107.53 dB PASS           107.91 dB                147.89 dB     
     sinc 64/4096              146.87 dB                146.32 dB PASS           132.05 dB PASS           107.52 dB PASS           108.29 dB                147.89 dB     
     sinc 128/1024             139.50 dB                138.37 dB PASS           124.79 dB PASS           104.58 dB PASS           105.17 dB                140.46 dB     
     sinc 128/4096             139.50 dB                138.70 dB PASS           134.38 dB PASS           104.58 dB PASS           105.47 dB                140.46 dB     
     sinc 256/1024             145.62 dB                131.44 dB PASS           132.35 dB PASS           125.44 dB PASS           129.90 dB                146.04 dB     
     sinc 384/64               138.17 dB                 90.14 dB FAIL            90.06 dB FAIL            88.26 dB FAIL            87.16 dB                138.78 dB     
     sinc 2048/256             143.23 dB                113.95 dB PASS           114.20 dB PASS           113.22 dB PASS           110.92 dB                142.76 dB     
     sinc 8192/4096            144.61 dB                143.00 dB PASS           144.87 dB PASS           144.38 dB PASS           143.14 dB                143.38 dB     

  3. STEADY-STATE ALLOCATION ON THE HOT PATH
     10 ms pulls at 48 kHz stereo, ratio re-set every pull with +/-50 ppm of
     jitter -- what #16's feed-forward loop does at a 100 Hz control rate.

     patched   :            0 bytes over 20,000 pulls   (0 buffer growths, 110 filter rebuilds)
     baseline  :      752,112 bytes over 20,000 pulls   = 38 bytes/pull
                 baseline extrapolates to 52 MB of garbage per four-hour session, per sink

     PASS - zero managed bytes allocated in the steady state.

  4. VARISPEED BOUNDS SWEEP (port of libsamplerate varispeed_test.c)
     Hard ratio switches mid-stream across 1..9 channels. Asserts termination,
     non-empty output and no NaNs. #17's lesson: a ratio change is a buffer
     management bug generator before it is a quality problem.

     PASS - 54 cases, all terminated with finite output.

  5. THROUGHPUT AT THE OPERATING POINT
     48 kHz stereo, 10 ms pulls, ratio re-set every pull. 'core' is the fraction
     of one core one sink costs in real time. 'rebuild' repeats the run with
     FilterRebuildEpsilon = 0, i.e. the unpatched sinc-table rebuild policy.

     'table' is the sinc coefficient table, which is what the phase count costs:
     (taps + 1) * phases floats, allocated once at init.

     setting          table       ns/frame    core     rebuild ns/frame   rebuild core   x
     ---------------  ---------   ---------   ------   ----------------   ------------   -----
     sinc 64/128          32 KB        63.8    0.3 %              214.9          1.0 %    3.4x
     sinc 128/128         64 KB       131.7    0.6 %              418.1          2.0 %    3.2x
     sinc 512/128        256 KB       449.3    2.2 %             1722.0          8.3 %    3.8x
     sinc 1024/128       512 KB       928.3    4.5 %             3287.2         15.8 %    3.5x
     sinc 64/32            8 KB        68.7    0.3 %              101.2          0.5 %    1.5x
     sinc 64/64           16 KB        63.0    0.3 %              136.9          0.7 %    2.2x
     sinc 64/256          65 KB        68.1    0.3 %              378.9          1.8 %    5.6x
     sinc 64/512         130 KB        73.5    0.4 %              689.1          3.3 %    9.4x
     sinc 64/1024        260 KB       123.1    0.6 %             1363.5          6.5 %   11.1x
     sinc 64/4096      1,040 KB       167.9    0.8 %             5065.4         24.3 %   30.2x
     sinc 128/1024       516 KB       230.4    1.1 %             2828.3         13.6 %   12.3x
     sinc 128/4096     2,064 KB       353.3    1.7 %            10017.5         48.1 %   28.4x
     sinc 256/1024     1,028 KB       440.8    2.1 %             5424.2         26.0 %   12.3x
     sinc 384/64          96 KB       325.9    1.6 %              790.9          3.8 %    2.4x
     sinc 2048/256     2,049 KB      2330.1   11.2 %            12000.5         57.6 %    5.2x
     sinc 8192/4096   131,088 KB     47291.3   227.0 %           855657.5      4,107.2 %   18.1x

  6. LONG-BLOCK CHECK AT THE GATE POINTS
     Same measurement over 2^18 output frames (5.5 s) instead of 2^15, to show
     the short block is not flattering the near-unity result.

     setting          operating point            short block   long block   delta
     ---------------  ------------------------   -----------   ----------   ------
     sinc 64/256      48002.4 -> 48000 (+50ppm)     114.54 dB    114.23 dB    -0.31
     sinc 64/256      47997.6 -> 48000 (-50ppm)     113.78 dB    115.30 dB     1.52
     sinc 64/256      44100 -> 48000               107.52 dB    109.41 dB     1.89
     sinc 64/512      48002.4 -> 48000 (+50ppm)     126.31 dB    126.29 dB    -0.02
     sinc 64/512      47997.6 -> 48000 (-50ppm)     126.09 dB    126.52 dB     0.43
     sinc 64/512      44100 -> 48000               107.53 dB    109.42 dB     1.89
     sinc 256/1024    48002.4 -> 48000 (+50ppm)     129.98 dB    138.18 dB     8.20
     sinc 256/1024    47997.6 -> 48000 (-50ppm)     135.70 dB    131.46 dB    -4.24
     sinc 256/1024    44100 -> 48000               125.45 dB    127.07 dB     1.63

  7. AUDIBILITY OF THE FILTER-REBUILD PATCH
     Identical 16.85 kHz input and identical ratio schedule through the gated
     and ungated code, sample for sample. The ratio sweeps +/-50 ppm and
     crosses 1.0, so WDL's 3% guard-band low-pass switches in and out during
     the run -- the one moment a coefficient change could be heard.

     rebuilds, gated   : 3
     rebuilds, ungated : 275
     difference        : -148.3 dB relative to signal, peak 1.79E-007

     PASS - the gate moves the output ~20 dB below the resampler's own error floor.

  VERDICT

     9 of 16 settings clear every gate. Cheapest:
       sinc 64/256
       sinc 64/512
       sinc 64/1024
       sinc 64/4096
       sinc 128/1024
       sinc 128/4096
       sinc 256/1024
       sinc 2048/256
       sinc 8192/4096

     harness validation           : PASS
     zero steady-state allocation : PASS
     varispeed bounds sweep       : PASS

     SNR table written to C:\Users\richa\Projects\clipshift\docs\research\experiments\resampler-quality\results\snr.csv
